<?xml version="1.0" encoding="utf-8"?><testsuites><testsuite name="pytest" errors="0" failures="0" skipped="1" tests="9" time="20.295" timestamp="2021-05-04T23:38:37.414670" hostname="kamal.lan"><testcase classname="test_password_hashing" name="test_shutdown" time="0.000"><skipped type="pytest.skip" message="unconditional skip">/Users/rush/PycharmProjects/pythonProject01/Password-hashing/pytest-automation/test_password_hashing.py:81: unconditional skip</skipped></testcase><testcase classname="test_password_hashing" name="test_service_exists" time="0.012" /><testcase classname="test_password_hashing" name="test_post_response_contains_job_id" time="5.034" /><testcase classname="test_password_hashing" name="test_get_response_contains_base64" time="5.010" /><testcase classname="test_password_hashing" name="test_password_encryption" time="5.008" /><testcase classname="test_password_hashing" name="test_post_response_wait_time" time="5.010" /><testcase classname="test_password_hashing" name="test_get_request_to_stats" time="0.007" /><testcase classname="test_password_hashing" name="test_get_response_from_stats" time="0.003" /><testcase classname="test_password_hashing" name="test_graceful_shutdown" time="0.054" /></testsuite></testsuites>